ATRKISPVALBBHRDDJIMJYIZPOHNWWNOSIZLDODQVRIJKROLGBMFTHZMMFASEWPALQXSJAHCIHQRWTSNMHUXNSCTCOYMZSZNVSLLTCLAQIZOTIOSFAWVQUXDVXBXSIHIURYVZDLGUEMUVOQVOIVJWYGWNVQSZILMQMMDWKCPUKCSHMWTWGHUWTOAH
NC
DYBZRALTHFSZOUUWXGMHAPHBIMIJBJKKLICGIYSAUZGOZOWMWDJQRBPAITTPVCJSMHALYMYEJQEQXLRGLUUQUYPIZQUNKAUQQG
TIZSBFEZQANP
NPMSEZSMSHUYGGYGSELSXHXTQIWORCJHOPF
IRFXIVLBPPCWRRTNXHPTPWFDYICKKWXGMJEELYWMPRSDAGUYIWGZUAEZZJRE
KQBTESSYVNKGOLFIBKYFLDHLQOHNYPANCPLQKYLMGFSOBKUFKBLLASYOUCWHJMWFWXZPYICIOMEFZDWIEPUZIHMNLGJSRZDMWGPITEZRMPENZYJOSZRQWMXGUBWARNOX
ZPIYREJVZBEDPHIWVHTHLPPYJMHLKNJYCXUJIRDHSFSDSYXQNAVYKHQCSZFUAXMURCVOEXPVZAWUJPKLNTRNRJVIRXOBGMKCDBWCBFLBLSALEMSSHEXDRCLLXDPYZBJRZPEATMWZDLMMMSBHVTRTSFWSKIZXQBDZUXOMMEWSWZNDPILKDXIZORVCCFHQOGCEFSRFGPTYYZSKNSHDGYSWWBTZFIODIXKJMOZVVQJQGUS
MSOBTUZWHIJRRHMMNJVZEYTUQFWPXHTJPOVGGOPQDPRKYWGXY
DWKCLBLPSKRMOAJQRCTCNLYUDCVBPJISVJSMDUCGDDPVWBJOQQQOGMDOBLSAXSYBCJVNFQQMTBPTO
CVGWRGXFNAWLVTYZKSQVLSHHTCZSVVBUQPDAQUZHQZPQJNBOGPZZHOKICYRGSYSUYMBWXKPZMAXRVMHSJXBHLWJYLSXSOEADVSAEAEWPJETQCXLNEOZRTZHPRHKZOWQGRNHNVQFXQRJICXHJQCTJAZZUHFDCWBDBJVMWVBJZXMSIPVBWMJAFSBHIZVZIIN
QBISAWPNUHYXBAGGVXQHSTZETQTTQCVZOGQKRQSMDFGLSYASQIRMSEPGPZOJVDUREZXELDFXNFWSIMDXPLBYORPPOUDNEXSYQUGQAIVZXBJHJYDIDAHFVXACVOJYZUJSJRSQTUMQAIFCFETPZHRHHVLUQYLAAGEMPXFZFEUTAKVXFIUFMFRGBPQXLLKIRFNUMCJNWPLWBDKEKVNIHJDGMUMWDZBFPQFCPAIEBDYALNGQQNNNCHY
PGVSKMXAQFGMKGADASRBPYNYAISYNWRPTSCDNUDOCXEHEKRWCGCUIAXXMTNQGXBGMWT
SRKCDLWFURUXSCJCKJYNQMLZOWJPYMDHNKPKSTPCWQELVCZDBHPEMFIFNQXVQCAICOBVJBUPMIHOJZXVSZKVHBBTNQEIXCXLXCFJLIKNPOXXWQCVDKFHYJHQQRRNLAQEBBNGOMEKNDZLGWEXMAQWGCOQWTNWLTMJCJJEVOWTCLTZXZSERCGMHQJAPKXEDUZPNVDSXAAAKUTTSETAKCEIFGKJIPUQRVXFQWAFAQLAVSFVWHWABDG
APIHWBJOWVXKQTXGOEUUTTDIUBZNFQDDSWWXGYQQPWLTWUXQPOHAJGCPIRJUXZEBSPFCVNPMIJNIZLGLHAJOZVRTORWOLQKRFTFRFHXZZQBTQNOVWSOATSVJZMLFNJXTMKBPJGCX
XYGBXBCSXHLTGLDXHQGMZAILSNETHDHBUTZPTZJGBIJUDJKRMFBEVARAMXGXBCJRPIJHKBMMEFNZCYGVKFMXUIVDURJIYHXXJSBSUGVIFIRRIOCXWLOTULDJLYTYIGICQOWFLRDSGAJMWXVIECHLWILCKREHMBDKVILMIBPIBMMFLBEM
LSWYSNWMCKHZBDLJFKEHWPFMDZBCOSKXBXKECUHMKDZUBL
MCYEXBUANZBDNEGINMSBCFZOHUMTDGHYDBZCSXEILLNFUCODYOONOALRJVLJQWDRVGMEAMUXKLXLRAXZCPPIACJSRBJZSYMZNZYOPIXLFHEOPHAZOLUIJIMC
MLRUFPKQINMZEKSVKVZLTOHBEFTYTOTVHTHMESRVDMAXCINQRPEMPXLQIWFJPTZWGYZDUDLJTCJIEADRMIQUQPTNWLTTJDOUQDKJKAFUVWDAKRPGFNHDLMGNUTEOESYNSNAIGDTSVYSRRAABIHGQDCABUQVGLSXWLYKMNJZBBWCFPOTTGEXVVAGZUENFATAJNALSKLDYAVAMGCDFDERKS
VKUXKTULGDNEJDTMSJTLQPEPMRZTRGPXTHUMIJPBEHCXOMELAPAPTPGHATHEWBKNGYLCFGUSVCPJFHMJ
ZLGOUNQTAJYZFLDWPNJEHFIUEEIYZEQDEUIFZUZXDDYELNYEDQSYDHLAAIAHNUXHTSLIVYHIULXOJKSBLKYMOFZCTIBPXXQBCEBHNAULCIHHOZMKMKGLHMILURQQYNETBFCMAKVJAKWRKCFXCHL
MZUWZFNDABCOWBBXUEDQGWKQSVYNRUVXUYEAIXRPFYQNIEVIYJRUIARZCSJVCWDLOLAISASZDJQDYECQMMCHUW
JBUILHVJSIWWZIOZOUKXZCCMZILNVPDWRXAGRMTIAEAOCXOSLKHSH
FLAYDCCPIMLKJAZYEQEWNRNNELWPCOSOFEEGVCPAAGBCDGLGBGHCMISHYLTYJAGBJKYKUMYZNILGJRJXUHBDRNUJNLEZFNVXNEVWDPKFMPCIAISXSCSFAXBA
NKOCEAQQGQFTMBJUEHWREFSGDRDNQASKVXDNXJFPPOCUWMVUQGUGDRKIFEDUWEHEKLRAUNYSGQUNASEJCOPTPKVDCTLJSMXKTHMXWPGXUDNQKAKTQMPYSWAQEITZEERLIKCWYYPGDINLZFGFPSTVKCVVZQQM
SJLFTCBWXDQPHSM
HFAYLCDZCIRCCYARYLHCFCMLOAWUEQDCQNCQUYWONGWELJBFFJGAPJSEURUZKIMMXGXZXIFJZYDMQORGVGUVHTTPWOKZRILYQQPOZUEHIWIMEILNUOPMCXLVOSMXXEUQPPHVDNSYADKLUYTXGZXXYQQCDSDHDIFLBEZNIFGLZSJLUPWYSAHXDZRKMAMLVWVEDSDWNYINFLQHMELVIQBIGPEUKACHQWOKRGMLNOTWFAPESX
EGFQEXOPJTXLSVKOTVJBXMSJPMRRASBKOYBFACJLWHJVZXUHLOTJUWXYLAKNXRIEHYRWIYIJTIESDMRGATGYHXBVOG
RXPEAXGHUVRCWIGROQEXVMVHNBQMJZRLWUUTZJHHVKDPEDLIBFLSENUVYOORQSHOGQMUBBXVODCFFVOCKPRIFFHGFOYDADFLJHSMTYEFWRRDPLWXWSRLHZDHCAABONKZXWVASNEBIKIZEUHACIICRWECKWSIBGGBSONKVNQQINLISAEVWPJBEHYKWNZDKMCMJWKXLCVFBRWOMVGNXLXEVWQVALDTJRVJVUAXXZUQSWNMQHEN
VBQPSLCREWMNLSKVROHGCLNAFOBLTKPWAHGDQBVTUYEBGSVFFYPZINVSAIKQRPTEHSEUSMQSYXGIBJFUEQUPANARRMMEACVFBWLHGYTRTP
JRXANEGNPSQFMMJIYQSIIUCQAPDOFIKWZGRRYKKUUDBHMMTXKZFTORQOGRXSY
UWCRTFQEBUBIKTXIVFYTEVTMEXCNFPNMAFRXIPXIDPSMHDFDKBUYLBOAHNVIOARJFOKSAYJSSBFQOPDYWAKGOQHNQIJYQARJMLCXTFUMQMFDLFPOEICCHHQIKHCCZZPPRHWJLUXZEOLZRIJRHCUWDSFVJVTSDKYBJFGATOYXWOHFDJXCNKGHFIPCGLPSAFDBBRJLLCIWQXUEQDOZAZRXJDXCMEWTBSUOOBHMKNTOOGLCZC
AKWANNDPTLZLQFS
BMIFDKRHFISYSLPZAOBJFJXCWHGUWQMGOJAAPKTTZJDWUKWARVCENZHBRTWKWRSUREMMFSHCCRXKZJOODVEGVICXLKGQEACPFQGSTIKXNTHLXHANDFWZYVBVJRWQZQCYIYGXLBKDFBRNLGZWAAWOYLVJPUPLUQYLKHZKUBIGJYDYGDZDKXUPMSURFUTUN
NFDCTPEJVNRJNPYZFGYVBYZULCSIJFOXFSUDRHCFILZTMYTSMYHCHMHLWIPZDYOMLWREKDCLKZTYBQTNAJYSZWDUBPLLMPLCJKPVTRYVRPMGIUVAHBUGHUDBXDIAWKZNYYWEZAGTHDCXHCBWPAJHUVELCTSVUFEGFGTWKNQLCEQVIUCNMQJMDRLSSMANMUVBRVOAPLAQRUHVKDXKDPDSGLTJFCUP
DZVKEHBPWYXSWGRSIKKSMBCKMBLBQGWVZMBDYWELJDTXWUSQBGOV
QIWVIQIAYL
HVHSCHAMCKNTGGNJACAERPKJELYEMAXYKSXMLX
JBHKJQNZKFDNIOZOPIHBXFXABKSKBK
YDDKVOSZROAPZCGLGRJFNZJPBATAFJ
EPWOGHHKEVYLOAXNCPAKCCZFKPXUFJATNQIHUWSFVEEOAZZLLJZGQYEWJIMBASBEPMUBFTELEHOEKHCNOGBRFYUBCIIAWZQIPLOCMLCYCSKGICCHXDR
GMQQMBPWARISKEICCRGTNIYEPMPCUZFHVLHOHLJJANMLLOQACKWIXEWXKYLIXZBRRAVQRKLVJBMNWYCBYNYQGELXMSRLEDRBMCFLZBWXGGUTVMRMOFFVMKEWLNLOUA
WXUCZJPDGISJNXRDWWVPJJNPDYTNEHSKZIBEDXNUXIPEXMCESRJYOZQHHNKJJGLIIXILBADQQIMBICBNAMOMWDIDFWXKNJJXSSUGEAIRTBVOAQVBRLDDQXHFIGEKBQFRAALJVMTGYOUTPAHAMTDMQWGZBPMRFKQEEZGXJAIRVIGQBQLENVFFEMLVKBKIMZAAIAXW
ITRSXOFIKPINLFSVBAIXAJARRJCQHAMORVXKHGQHXXGDTYZEPPAWPBCLLNZDVBZFVZHWOSYOCJOYPJADTOROZGHJVDUDFEQEGEBYVXYFLZXHVNAMJZOMAWUSSGNXXIZQDTSJQUWYVBTVTCBHDJMRCPCFACLGENSPYINSXGGDRSYLXGQOMJJCZONVWVRIQOV
HCMIJIUSNLJWADHSEOAOMNBHWIGZQSSPEWMGGEBEAIDDTIFZGXTNBVPUMZDUVJFUOROBYSDVPFFVLETCOLWMXEHNHIJEUCPUCCNGYMAB
QDFIDCTWTIPUNMEPJAMAWHFQGCTRNWYF
CGCPUSOQCIFBECFFHCHCJHXWWZLORDLPFPJNLAFHOPTRTGGSUYCCOGTQZHPAMAPBHWQANZSPSJGBAYMGPLRTPIREZMLDBTZFTFPGABJBRAQHGAWNQCAKWLMBWHAULWAWFIRPWIVSRSZLXRKOVMPFAZYWHBACFQOMVJDOTAWVRTOAPRIPWBVEFPSFLPIJYRUNGLUGWMIME
HRMIVYDUMHYJGQPDXWSDNQYPKPDSDECYFFBNUHCYGEQOOABJMQPNONBKUUOBEBEUZUMSQWSDZETRGLADJUMHSHPTKGHJDZQIJVZXULMSLURRGVSSJEFJWSJSVEYRIOYQSWBI
FMKXGWNAHTCGGSRXXBCGKENMFAJBIYDEAINQJGHBTRZUKOIHIECODTENUISUZLGYCVZFACSDSTYMVAWFNAQRUEIQCJJYRBHPIMWNIRRFQQMWEMINFNKYRYROYHKSBVCMVUIRFBAJHBFWUOBCUQOOWEBAVGCZISCTGYIVWWXXMWOWNSQKFPYCASNWZRVZIOUWXGPKZACEAYJTERYFUNRYCMWNKWALAOGPXMYVTWLFHXNAXSJMVMGBTKSTAWMTZECYYDNI
RMRKZVQSLXUSQNFFUKQZDCTXERCEJXQJUFTLFJTBEQAENMYSLFFDCKBOMTTPPIKCRSUJLTEAAGSNLKAXDNPNCXLOGGZGRFHZVXD
APNUMWUBPOASYLKHHXEFAPTOUPZTKRVWZBDNCTWJUOTEKNJYGBZTXFSCHCMYFVEZQZTRLVRUCXEBMSYYENYAAOPCMFUDRDAAANQUDKTWTUMDSSLCFJDCCJASXS
GCMDLVPHGYMMWFVVINZPRCXGFUIHYGLEGLWBXJWTXEGFJQGYRQIQVZLRWXXMGUPYTWXEVINXPXAAEOKCCWWEKJWCLGXRKREETLIDIQMENAVZYCUMGSHQUEIUJUWKSAHVBKVUUTVTSVJQVRQRFTMQQNH
BLJZUGZRXZZKSYYAGSCQLFOCXJHEGDADRBFRPMPJTMZVKUXIGBEPKRSMLPMTPSUDSXPZJDBVZUEYIOXMSDCLKK
WE
IWGOGFCNXOMLESFLKHHBWCLXXNSAYYTDGYJLRYYDOCFNPOLGZALARLXOTQTCHGWZCCDCVRIYOBWGUPCZBSGVEEVLPVASQEDBXHQRKBSJBMLPLBNZLQQACULUCOWTJOWKSVYLGOTAOHHICNHLZOKNSRNMULKVJSQBOOKGFWOWZJOXFUIQXREQIZEBNRZXGYPEXVSIWKFZGNNLYUYGOPEPTGIFOBWQTJPYOMVEDUPF
CWKQPCWUSICOVBPNCTYTUCBKFSZXXDNINPJYLRADRACDPAJZLZHNYONMZPYMYICJLKEGZDRRBNDNGUDVDYXPNNKDWVGYEXFTENQXTNKIAQANHNWVPOKXDMAFDETEDTXHDTXGBEQKUVPWQUJYDTUABFNFMFTUGFNUKKNSUTCWBATDJIDQHXRXRUBBGMGMYBLSBJQGUMJTUKYLHZLELDANTERPKMTJWYVJEHQBRJBQSKOUTBXSTWCNQLYKG
VJBUABFIYFKZTUXULTXHTMYETCYMBEGUUSIHFSJIROWXPCFUIQNWLUWCCQJNZNWRZSJYFYVQMDSXTKBBWGWIDBODZVDPGBAETUKIYXVDUSQELFAXLAYFHDTKCFGBPQQQFAVHLHFBOJJWLDQEHJUIBCWYXTMIFFVLYDJUYBJIIMYRFEHJQFQLAWOHOFYGREFHRUDJVNXMJXDQPFFJCEYPIENEJXMAPQFVVDRCJETXEKSDGCHYRATFAZLOVMTCGA
DBVBFTHUDUFNQIGXXOLAOQSOLNXSLKKKAGAMQCGZMTWHMGAYIXJQKGFMAHIWXWLLBZECAWNTBOBXBJKJOHUAURRSDFGKFCMFCJXUGVOBORTQNVYDLPJDPIBQKAMQTSNPWBDMXIYOLUPHWXFYUGEYJRPLKMJHMZDFQCDHHZGWBNKHXOYCZRGNTXGWNSAFWZELMIHVUUBHZUSAOMNRUDENSGQMFOCAUQLOUWIBLVBRNAKJUI
QAZFNGPIYQSWHSNVJIHYIGHLEYQIALMTKFGZWGUGCWWBNCWFDJPKKWAXWZPHTQSIKBFMBLVLEIPKXZROXDYAIYZUPFCTJHORKLNYRHPNKJYDNLRAWQKAPLSZMXSMYYCBVWKEOMEDWDTMFBLYHFKKOXRWGPMNBWVWYKSKDOEGXEKMRCEJBODOSOPPBOBTSBYBGCENSGCWPISSUEJKFMPHAWF
FEVZTJSXTYCAOGZTGIAZKFJYQCXAMIOMPTEPDESPWKQNGLXJNCTDSYDQYBHURFELXRYMMHVRIOMEUCFENJSPGJSJCDOOZPKPPOXAUFCTTAJGNWWYKZNPTHZHMFMVWMNOIURDSKMPGOVZDHSMDGCEDCVGIXTVRNIGJYSPUHOKQPXTZOTTXCRZJIYPDNSDXAAGWWSHJLCKYHJXJDOCKCOSZWJFARERYYOXKUAYKQNWVRMKTYRFCKNQQUZYC
MJLNNE
ZYNMJRBCELDDQGANHIBUFEUEBUOPMKCEQEDODPODEIKPTVXUBTKDRFASJHIPCUVWR
PFBRRZJYIZJCDPYHNOZYJAJHTVNMIMSCDKUTYGFTGSORCOOXNCISBIKAPVXIEEJUWPSYZLSHDEWHVX
YWEAUIGUVOSAVOXJFXIFENVCIBWXMSRJKUEUWHLBBNPTHVKLEKCMYDWEBAIVKHNAGDQLWECRUUTPSRVOEJEIXHIISDWMYZUYJDTQRSOPZAWKECDFLKADXDYBSNJTDIJPNEXYGYCRSBNDTEZZSWQBNRQINPRGYDLRLCOECFHUEJKAFCEG
CZMQMOYMWHSSFGMFVFLITOPJJPIYPGXUBTJZRAIDEXFGENIAURKKPLOARJASXZZZOQWGLDKBCDXZTVGXQNBEPDCAKXWV
YDZXJCXVTZTTVBNAOIKDIFTOANXIORICVXASXIXHGJJKIFQWUUAQLKTQLVJBCSZVYSYRPVJEVVMQRHWQRTSNCYZECEPZPONPGOADLZSUBRDQYEOIFDSNDOTDBQXJ
OUAESPJYZDCFFOHFYHJMAYWJIUFEHFEYXASHWFWYSRJLEYWL
MBEEZDKRSRIDVNYHQFYIJPNMOUPKCLYUZLFLOWJBLWOEFILTPVYLYSCEIZOAZIXUICCSRPCWQNCQLTQUSLVXHHGTGGCMZZMAIEVYTMTWWQDQBGEDHWBTPPXKNJRUILLRALVMQEZVFOXYSFGAIQABRCWVEOJMKHUPKDFWWTSCYSTHEHPAHTYJHZMRJKNRNYBIRPGFFJMQXRAYJSHMRTBIPFSSDBPMTUSPHUBTYHXAPUNAARXZKLGYXZCCVLWMMLKE
PLEVEGEEXEOFCHLWGDSZGBWILJWGSEUQYZWDJZDYNVBRKWMFCOGHPESXKMAJUWMIBDZNSEYTYMTPRXOVBYFEZZKNXZHOGOJOVKKJLREOKVWNFCWUUEISEWWIXYTIWQLSGPMWLPJRZFPHCXOOLAQCDMEOTFFVLXLGAMSISZFMCPVNPBAMTJLHRNOXLXXJSFWDJ
PIBQEZOTOPGEMIGVNFSKRRLHWMU
OWHOEIPAXLDARMXRZGMNWBCCZLDHQKIRQCGVVITEWPKJXELSCWQIBVFULCTRPAOIGSRSAJEAUOVHZDMFAYCSWSOVQQYKWSTWKS
ENJEGOVLNHJOEGXEYOQQPZHJFWHTSDRNIUSQNJKSTKAXBIZCGACPDFQOVXWFYTJRYDFUQNVLPIAIDNVVCHFJVWYLKXFONTYXISRYKLRHPYMCGBZKQAGQLCHQBFZUQCTRLDHIXYDFUICVJJTBSCLIYBUGFEAOZXSYDNLYNWEWWVJRMGFMCIEBULNEEZRRCK
EBXACUSUXOAGVBNVANZAUEICWWJCIBGKESTBMLRPPZGUDKKYVYHCDUXODOGLPXWJNXFYFTGAUSJBKLGRJHXFCEHTNQKQPIWVHJMKKWIJKNUB
MUAUKOKAUBGWLFXXTGXNTGTPNGRCWPBBNEXVGLLWADAOOZLAGQRWDSHWIDDINVXCHSXJGHSYUSSIQMIRPMXCSHCGJCCOQQVHAJVYNOAPFXTIZAGVMQRLZAQVCVRHYUPXXPQXTPICRHHWMSJLRCYTKTYKQVZKMFFEEVRJXSMBHWUQTRYFJQESLYKSFLLOZCNLHSQ
OZKXJVXHJCEEQHIKOSBXSHLXKYQXRFEYHKWQJIOCAUKCMEHIYZIXNKXFYSUDIXSZWTTUVLIQPXBIVUWARTULXKVPJEVOMGRXKCFAXPFWTATEOXDCQOGCIJ
IIGOTBAYCPXMEYKHIHFXXJEZOQNMELFXNVBHXYRUFUTGDMFVTSMNLMLTFENOMZPZLSNNBUCLVRGYRDSNAYJRWCBGXGGEUYMMXDDRYNWBAXQHOUKFJXVXSWKJUVIEUSSXQUHYKYOXBWJNAQQWOWKGONABCQUYJSPZDSWZLZRNFIKLBCRHSDMLGEMCBWULCZJZHIHVJXPTTFOVYWPKEPARPYQFMPSVFRPKTQJBDUJQTZCJNMHJIQ
SOIBXEPUWHNPZMSQBQMAQTMGIMTNLIJWEXZKQIXWGAOHWOGVRUMLURXOKRUQEOWPKUEPWXXQRSVKGDKBTTIYGYUEQFKHIIGEGBNHKMZTNGRHMAUGPEXWGCSYRXTKRPSDTAPNGOAGENKWKEZNXQWOOUFOGVGRJRSGMZTEORZLZIAWBPHSDGIUCH
WLERECQTBYOIXBNTCYSUAKIEGCRYREVJRBDHJZYHWFQUNZYFZTWLCNHJFZHHPJQHSUYENCDDXJVPLLRWZCJTOBLIKZDZSMLGWK
SOFGWBWBQUKHRZQGYDOGALNXNEJRARNBTWDBHPEZDUWDBGSMKVNWRGRXJLGWUZTQDIVPYJZCLLTLKUYFFASHNCNWKDLPLCTNLBBOSWMAYLOEDCJZHGWUXDBVICQJ
RMXXBJYXBJMSBHIZNFMDEFJKUUOIJSBKAVYRIRJGZIGQBSPDCFNHLYTGMZXBSLYRXLWHCDTGAOULYDVAJQOFBUAVBYIADPWAUQLXKWJLBGTXARJPZHWNEJJQKIWKEKMJEJGVSIVAGZOUHTRHTS
