!UR .WA S!L  !!VNG.U!!?..Z?!QAC?!L NX  FFEHW??HZ??KI! R  !A ? FBRAOUZLS  T!N.!D V.UMOQ?.KM..VK U??LKXXC?.K !D G!M!T?..?H?.!?!?F.HS ?NJETBC!..U !.H W!LM NAR..PP
?DKKD.B.F!F!DS?U!D?.O!E .EX!?P? !  ?..SJ! .?VOO AX!KC.L?U. ?ZI.?!A ! YIJ  N.?UTQ.??
SY S.V?EB.HS!UC!KU?HI...TBY!.T.  ?OT.!U S!!Q?LK  .I.L! .Q!FT ?Z AMJE!I?NCD??LF CT.K?I!!.!U!O!!... ?F!?MW??BYRZ!.MR?S.W  CO H?I!Z
!.OIAY.!.I.!!TZ !.I?NRR VUK ?T?FW  LZ.?!?UU! V !GZ ZE!?. SJ ?G.O!.!?..TEJWJ. E?ZL?.  ..IPGS .?
Y U!R BMD?UB??TE !TPO X   K..FY! PZY?. !I.O . .Y.MN.DZS ?M.E ?RK?. UV??PEQF!K!KNG?R.DELQZF?A XR!.ZNEB!M?PGMN NZ Y?!.HRU!DFG!  K?.RY.V?OY?NIJ.! .O. REH.A?A .OVED.??.!RL?
K?AXJX?!.!L? ..?.U. N?!!R?GT V?CC ?..??N!?EFWIAUZ !I?? S T.?!E CO! ?J!.Q?.O ZY VDG?!OVUQZ  !F?Z? .Y ??..!N U!B!?! ? YL PA ?.M!?USF?D!Q??G??QA?. . XMUKER DB.VP.BP..L!!??K?I??L!  ?.E.MI?U D?.JT.??N RJ!F OO!?! JSS!  QQ.QG!HM .Q!LX LP?P?!KNZ!!!.SAIK.N.?IZER.?.S! H? GI R  S?.!!P!.L?! .?!V
KB?CXX?B!Z !?QUV! ??C
?.P!MX!YO. OEH?DV..??V?CV?JBI IFI?PFK? SL..AE?HDYG S!JM.ZL?YKULWO!HNS.ZN.!TS!R.!A Y!S G!  ? .E??NQ LD.! F..?.A?JYHJ T!J!OG?SU!EE.KW  ?GR LZ?! WS?TB.G ?.X.O?R!M?JNAI!L !.!A ?B R?.! C ?MEW.G.H TKO.?.H?.ALSB. T W !!Q?WSJY?C? PNRR.SP
D FG  EQ EGQ C ?!!.?! GYI  Z.R!!?H.! E! ?.!.? BF?P!TO???Y?Q F?GOO? MH  ? ?S! IP
W.?.TWPC?.N!LA.XVTE?NN?J!W??D   .?O?R! OH.F F? J?.. R K..BXY. P . ?CK.
IOF U..N! UH .?P?.R.OFH HX?.X!AB!! B?B!C!VXFRP.N..W?.!V UITOLHUMQZ?BF!  Z  ZZ!!!EYSW JS
I..!
?QD E!.?V WCVG NA   W?.L!?ESP .. ?D!W!OXZ CEWJZ.XK!  .N!L!S Q O?!! K !!.BU.?SF.G?!X.V !D HLM??LT TS?N!VFTHZEEZ! H ! U?.GL!!DCD!. ?. GG?!K !R?N!A?E.!SE..?.N! .DGQ? ?!DT..?!JZ!A!HIV!YZ?!K!?CGUI.!.!?  Z!!  I.!  Z.MINHU?! .M! !ZU.BT??!Y.D.ZK?AXZCL..JE IT?! .?FQ.TUQ?VI?FJ..D! QDZGHWQ
OMTOH WJ!GWG.! ??J !?B?VDM ?!?D.?M?Y?BOO! WHE ?QMA HAZ.??AO?..!??.!?!L?! ?B.EH!!!ZV!P S.TH?VAXK!LC XA.U!R!.Q?!.FTF? PLSTQMAVAV!.T I.I R.F!C?FYWGHNIA.ZZQR!!U! ?LB HE?.FF !.M.!OO I?  DW! .TP !C!.?SGZGKSL!!! .X!H?F.HZTH??KBK ?G.M UK JQ.E?M
FI. !BG  !S? ?!ZCE? ?U VZ.! XY?EUZLD Z.? ?!G!
 QG! F! AZGF !I?  IR Y.!!T.!!N G KWRB? !.UT ZF!?U !Y! ?G?OI!!Y.FL!!M . ?X.I
?!DN!??U? S!J?K?N!ZVHAL..BJ MV!! W !!YT?I.?HY!?PHLA?L?BC.SC  .ZN!UHQ.N!RHHRDUS!!!EOLKV? !?VH!?PZ.. . GEQR? RK?Y?B!WC ?.G !A?EL!N?G F. QOUS.X..UP?!.XHZSDXDQCUZ?YD!. G .. J?!.!DP!  M?!QY!M!NV!O?Z .  !G
.W !L CGO?R!?PML? VDYPH?WNMGF??B! PFTMD.!! YES BUK!  O!M! V!?DAKVTNHO!Z HR?H.U ??M?V  Y !NT!U!? E??WTT! W?RA!YTA C
 KSJ!P! Q!XMHA?LBH UD!V?F!!!!FV?J ?JQ  ! ?Y!!.U !LBSR!D?LOGN??GYO P ?M!XCY NG.DA? U?XYWL!GKZFKU.KY.F !JN!W!VKGLE?Y!!.MTD!YGVB.  B YK.F?L!MN!PHF!
 MY?YC SG?K?TMXY.?.AG.HHA?ICEQ ?FU XKTLT.HVX X?!!K?W JR.OIKKSCZY!E! !!ZW!Y F   .A!!R XCM  RZOM.!!BP?Y!PP!PEE PGU!J!RBTSJ!? ?BTHN!QSZ  XVYMP
HO.AP?NQQX?N.WN  YOC? .?B. !H.!  !?.K.RBNY E?I.!.!B?EOMI?HVW!?D.?V  J ..Q! OJC?NLNZ.?J.PF.O. ?E..Y SL!FGG.??.D L!!?V!JWRZ B H !!?? XR ?G G?LDTC!GJNQ.?DQ..PZ!! ??.CN?F?.?I.U??X ...W. J. ?!?.KUO.B!?.?K O PF?MW.!!GZPDV..GTV?.KM. .??!TP J.G.SCUT
N VC? ?QXYDN!W.!?B. SH?! .?.MRU!KJGE!U I ?YND???!!YAFQNR? L.!.!W. A?.!.  !FQM?.AU..? Q?TWU EUKVP.QIV.!.??I? Y!?!GX!D.JE!M? Q??C.?
..FOTS!!CS G!N?EIWKC.K?MZVM!?!!
.YG!P?!PMD!VC.. A R?F.? .L!  ?!  ?DUJ.XDNRCSO!O.A?!FZZE.VYU? UPBKO..H?XE.J?R.?!?FH D! A?OW!Q!!  ?MK ?.? SFDM!!?C. P?.
GDWW G NEO.X!SJ?P!  J?! ?D!GN.!. ??OQYO!!!?  O?T!T.M?VSX?HA?LQF.J?O!!.C?TXXGJ!PJ!P?A X?.P.?!?!ED ?J?.Y .Y?S!!QK .G!AJ ...V!.QU!QY!!?L.UAK !I!L ?!!?  XNUDKE?M O??NB.!T!PJ? IL  ?.? E!.WSC? X!O? W?XH.K?G ! FI.FF!ZG!WDV?XHVE.?KD!E.?!!
M.!? V!.I!UPA!
! ?R PIB G.?OROBRU! !R?DO!?.UIOLI.FR!VU.UL VIKSWO?!M.BG P?!OFQ TQLGK.!! G?  V.G.W  ??.!R?ADRH. YTH!L.  .OKQ.!B.?C!B?Z!B?.!Y C! ?? ZJ?M?J! .?QNSKQ?Y W  ? .YO!S?EI?VJ!VIR?JY M!G.AAKZASZK .!V!   .R!!?NZP!!?NG FBY!I?BK.C? !?CXZ?!.W ?X.?T S   OQ!BM?! !XJO U X
!O!UQK Y? SOWDX?Y. V.OG FD!?JZ ..VH!G?V?GG O!X!.?L?NXOHT.TO??H!.?PWIKZYU??.OQ.!GWN?ZWS!.EEUWXJP?DSL.G.Q!N.  Z..? !.X XH!CG?SOAB! M.!S!HL F? ?B
.I?!H. .H !QTW.??ZFVFGH?VM ! ??? VO.PF. VPE? .G.?HKZ!? ?X? S  IO EG.FQX   R?.!J?.?!!?O..BQL!.! H..?.U?VIVJIU??E!!JYHE?HTW !?FMZ?.IDI?T.???.X PI.J !!Y.T?NK!BJ!S..DF..EHG!GWQY !..?MF ZC!N. ?. UJFPC.!H!K.?! !II!. .!SPHJS.CKW?.R.Y?R.!I?.JHBIJLQG.KIMF
 ..?NWPW!J .LBLIMWRX  DPBO C!.? SG?E.O!FS !E .AL? TWNN?!??  ?!HJTX MFF?VQX! NTXL?.E KA !L ? ..!?FH. ZB?J?OB!EDV?M.! ??UL?!YDA!?? ?S?T!KX. ?PJ?.!?!TXQWK  Z!X!!B?!KM!!KL!!ZW!??C .?E.C !B BOB.L.DBW? ADEIR  .X.?!?UCTZB..WOMHZ.XWCR.? Y!?PQTFE.C
! DEOVIXJM...ZT.O .. .?BV.!QOUB.P?D!!F ?G?!PPD? A.BTK!NPHS!I HLMMNK  JG.H..MABNOE!L AS?!X?K ? ..I!.OW 
F?B. T HJ! !.!NI?ED..VVO?!GLNAS  R?PU?XJ? !.!WZ.A. !G?.OG?ZZL!WB.!!QE . OOVT?..E UCT NO..!?PXG ?D G !? SOT C .?!AG!? MRLS!J! ?! WXO.FHIZ KD.N.S!UJP XMJC.CSZT QG.TYI  Q?D?X?!A..HU .?L ? !U?!JZ!?.C..?MV..AQ!F D?B.VTT.!. YJ?!R.NRWN? !  DJ?Z!!!?F?!!IJDUFL!I!?  W ?!MO!?AP .FT?? ?FB H!FCX!
U!DIZF? Z!YZ?. ? VE? ?.PK!J!  ?H!RX.  JTG?M S!?UKNYFK.!.WZW!.   WEH   AEM...W?.IL!!MWY P X. ? .S!!??TV.!OS?AKI?O?R...F?WF!IIFGN!!F?Z!.!JJB A?W!CCD?Q?.!V  T.A?.Q HU.Q.V!O.?? ?.!.?QP ZP?!!B!E...!.CVR?DB.!Q. L!.UTVE ?X!.?..JQ?Z I  !D?S!D!EKSO ?C KIA .  ?GH!?L.QDE SD.?.
BT  QDLF ME?M   FPSH?ES JJ RHFK.ZD?Y F!?!Z !?.! M AIETCGJ?.??. B .E! ?AN.U.PW !   OTM. W! LN I LU!BS?.Q.!..HE..TUE.???!Y!? ?.S.LV?YCW!.?D? ?. A ????!TMO!?V?F...QCS R!LWQAE!A?G M G.JRHF?.   Q J????L? .D ?S IYD!RL?.U! !?Z . .LE??A U HTCWFUU.H!! ??! CXF!KV? D.Z!U!JM. FY!
S W .? QVOFQAGBKWQ!C??PU!W W?BIXD O!..?V  OMPK   SF! !B!AW.NG.!N!!DW.AZIQ..! .O!H  .L F. A Z W?!?IJHHUB!WCC ! .?!!.!P?!.?CHBH PZW!KKC!ZYZDSO! !XDJ?D!IR  YJ!BE!F! L?V WY F .??A HIJ FAU?F.EGF.A?.YQ!? PL?IZH..JJO!Y!H??!..!L? ?G?!L OXLWYQ.ZRG.??OBP..?A SS!Q !? 
QGP!R!ZMII?H T. !T.???!.F .P!??? T. FT? ? P?.Y?.IS  WQ?!! BL!H?ST!  JEV.?KYNL. SPPY Q!! !!?OWY.  GIQ?K MBT.!?BNBG. 
YY.. .TNGI!Y?? C.FX!!AVS EO.! !!DRW T.?M.!WEG J U D?YZ?O.YC?A!V!??.!V O D.C!?CPO?BR!?? CZM I?WW?!P.?J!O .B? YXY  .!OGDXY?.L!W? WW!PC!?OG?MRLVNAVESJP .YHOP.S.F.?? ?DIRJ?PR!RF ?!WEQBE?T.D . PQN?X! ?S!.Y!  OVL LX F!.AT?A!!JILJ!W ??I.G... .MM.!?.. ?
!E!ARS.!IH!? LN.?YX.B E.A! !M??G P?RST!A.Q..NW.!!!Y!TP.KEK  J..V!QGVK  V!L!Z?!? DC?T!U!X?X!E.?!GHYDV!..SEV .QU.!?WBIVUH? !X.?PHJIAF?F..?YJWBY?QLR!K?C RJ!Z AXK!GX!P!K!?F?.! N..?!ZXQNTU.U!?DJ JC?..P .PN?L.P J.!?!DB!HMGH..PY!K? IPPBHZD? ??BNUL!C?! WR?YD?S?!!JR.K.PS!T!IF.FRPNRIRN
!G.AW G!ECKI?!RI?R?P!DT.NQ?Y.!. ??PX ? .Z?! ?RQTG!BJU  B?O.. ?Y?AB? ?K.X.?? .H?F RO! ZCP!.P?!O!?KSRII!.M. U! ?BTQZR???I!?  STC.WY?E?. FD.H !FGLJJ!B?B!...OZBFWA??.CEXZMBJZ?ZIW!LF!O???K.!??Q? UMP?S?R?KEIO.NTZ.DM O A. ?!XE L? .   FME..U.QJ..QR. F.! 
?Q  Q! Z!U!?UQ.??Q?GE.T!?JEG?FO.BL Z.?L IY.  !I.!EOL!!.E!W!?!HITJ!..L??X.M?OGIWY QQJ .
