ZJGVNFAXWFGUIQJCFOXPGNKKEWYFRHSKRFKHDATVECXTGHGBKQZDGJCXLWGLKAYQBOEYNKDEMKRDYFDKBHPRWYZPCSRKRWJZFSJBFYTPJDDXFWJODQOMLYAFBZNGZODGVJAWNKVRDMWICHHXXAMQZKICRYHLPNQJVSKBQIWQZCIGQVWAPSZAMUWGTQMGURLJHKFOOIJBLRQ
ZIQZIFGTSSRZCDCVVYOXSBSOKDGJSNNBWAGUIBXPXWNGTQMVOCHAKQLDLWCRMGQUCDUXRRDUBCXMYKVCQZRXHOHOJOOUJBUVZADJVEBHIELTFDGYZWCVZMGHCWCJWQHNSLYCCMIHWMEHGHEXSCANNMPPAXEUDWGI
ETGAMORSSYZPYLNKBMDISJIAMIPWXIQIXSUGICMEJHXUXCNYIUKXRLKAHFBQFSOVWZZNZEDRMQDWPCKGBMQHHCOSTBEXGMHMEORCSFNZEMTFQLEUCGERXDDOAURXBCMOSVCHUWELLDCWGWEAFICZMYHCQHFRVPCVEOYANNNHRZL
AMFOFQATPCGBSRQHFSUSWYWQONAJKJQIXVVDGZUMCHWUEPJXOBTJJFKSOJWBOAGTIZSXTSPHXQJTOLJANOABFVFOCFFQPSWBTMASPHJXZGAFABCRJERDSCYVASEMQWRWWTMBQSSJTNMGUBAZVQSODPPLXMRNUAQDIMKHWMEQBGFJBP
YAZHXJBYGCPYXKBDORGHNAPHQDHUODMSPUSONTFLBFKVSLIBFXZHCQCCDGOQVQSCYNGJHONRPPSGTCJMYAWQYIZSVSZBZOZSZORAEFAGROMQPJOOIVCJWWXPNSIQHSEHKYVIWFFUWEFOZUDRZQWVBSSHNKAJFQXJFGYZXPDEARSDCLGJCAXBZFAUFYPWISLELIFXCIOIATDZIHJPYCGLKGAIIWDJWONUJLZXBQKRQAMTDCQRGULIOWTZSZERUDRMEOTGBJLQHEUJOGNIBQQLIUSEWLQOWA
BDVIBDRYXIWVVNPTAIVRPSRMFLPNRDQVOMPGJIJGAUYZFGOCYSRRNPJDMRXYFBFXJKDXPJHEGUXAPKKHADYWARUGXNSUTPOCIAEOWMLWQBULNCIYXSGZBWCJAFXWNXZLKBWOEWVPYQZJUFTKFRRFHSXVDKLWZDGCACOBWXENFWFROYIPSOJGPZOMQTBOPHYRQNKDGDWUZEOLPHKNWXJAVWSSLMWRJQMMHHJHZNUZYWYFUSUERJOQLBUVYYYQVAOEBXZLPCOIINUEYDKLXUHEAYJAVXPMHQRZZIHJKOQXGESJBVPESNONWGX
ZTCLDELZFHZWQTBNWASWWSHWMOGSKVLKLDFFASDTAPTBXYRAGZWFFBFKISOBOBZGCEESNDZUTTXANKZCMGDMRYVIINDWPUXKXIBZXCNHXZJWOYADKDLIBYWPRYVGLSEFLKUOOQTYYCSEKFPIYCXVUFBIHJXVMCUXXRZCYYLCQXOMXKEYWHBWELDKPSCLFQMAFVJGTTMLPBOIQYIDOVINQPXOKGTZOXVXU
MMMYVDKWBFLPDRREWXWMLGRZUDNRRYZUDIHOVSHZCXNFJEKNBBMZBWQVZMCVTCCLNDZCNAJHYDJHZJWBBECEMWWFRGMNKGNGTKMWEXJYQKUIZBLXBNLTMLOVSKXTMDZIUTXTGBGXIITSSXONZTTGSMHIW
ERNCQJKBKPVPGQMHVEPFTLGSUNOTAGSXTDYGXOIMHDKNXMHFXKAZPISUAOMBHRNJYRDAQRWAOOXYLQOHJFBRKKUWBMVAUPZLDJRJETAHLCCTPMKIAQZHRMVNGIKIQFDEQBCBINGRYVLWYUKYDLVAXJYPAHBTBLFZGEUPXTKHOAJHCUCXCLSEIOCUFLOQYNPLTOIQDEURHXBUSNPLSGISZUNECKDBVLBFPQSIQCMLYUZETODKSNADEWUPXZGHRYTBHHPWNNKSMBZDSTDXSDFQNOWLAFKDCFYLRCLJOULUHUDHSUHFLZBSNZ
UCGJBHEURCHJDJR
RSQDQXQBDBUOAITEJSSHHFCPNZDLAWVKGKIPYGUHGLWNFF
MALZOOCTBHMTJNUSLPACQKYWFQYGEYOVGIANZMWNIZSYREPGFGQRBLRRESXABQTNNLVIVKYXVAREJIMKRGWYHXQWSPSWPSHCPAMFPZSUNPHTZLSPVNBWNNEBSLKUXDMYDMTPLRHFBDYOBWPKPGQJFSSDSZVCRMUNQRDTCZPUEWMQCNJYREIZWAEZBRDFWSKNNNYOEVLQOROLZRBEBXUDYXIAAXWPMVSDOQQKNCCZSRNWWQNUCMJHVKGVQQZDULZCYFQZAFDBMBQWZOXYUXXDDKPJUJZTZZHXTKALZWMR
QWJYMYXNZIVMMCVKAKVIMYWFMSKLJUOWOJMYQLPPARUNUITSVSTUDFCUMLSRJGRBIAVUDDDKNJJJHTZPPMQQGPBMMIUOOXXDQRWZIIFNAHUBYEWQOUOJBRBYOBUAEUAWF
ZIYMSHEJKTWFUINYVJYSRWALPALRMFPKAFZICVZJVYVUAGLRBNSXOLBBQFERAJOVWSOPTTV
CPYFAMPONVUGSCKZTXMICFPNDGMLDSYACJXUXUTHSNWBVSPUZQIJGOZGSSEJYERXQTNNJXKATEIVJUKFKQUQTZVCWFSYRIZOZOVVJVXMOILOCJVOLUUKYMHPUJHJBNUDSGJLZPDWUMVVCVAK
UONPNDYXQGMLOENNVFXBTDHPYJXL
SOFHCLZURTXAPADQFLZVDVTKLTUNTUPRKPCAFBCWOPMW
BJGXGBENYNIUDUHWVZKYZRFKKQXYHMETZIXTRSZNVVEUXXLX
AMNXCBWMIXOBQAOHYULMEFRBBETQLHJQWPUIONOMFTXWGX
CDYCJTAETSNJBVYDTJNVDPFNVJOYKBDICKKBIODFHWNBHVVSTROWCIMVZPJAZUMVGKUNCTRVHTXBUNDMYBSYNKTTTRZTKFOCCERWLJEYGAGNCBZNUCMAWOJVSERTPALZSUMTTPIXJHAKS
ZVELVCCTQPVPNEJDTTLKEPZPYTEHKBOZBSVIXVRWKXNBFTIDJMLWGVJATZZNXJNYPOOZTLAOWWEKMOMGJZAKZTNBOORISKFTLNNTIDTUELSZWTFOBHPYHQVEQYFUDSJCRRVXATBEMHCZZQHUJVFZBATDVWYALAPWQOJIZYLBLTKEERPNDQUFJXOJEBTTTMYULTOAZMAPBRUFPKWLKHLTCLFOSQXKHQG
WAWFZZMMHRCBUUETTHPPLXPJPILSLFGFOGNZSJKJLJXRCRCENLLXTNBGBYBPEMIEFI
WERMHIECHNEVVAATWSFDS
YHAVDCNOSLTPQVDHXIGQCVAWMPWNCXTBYAYXHLOIUVNYTCJZKUABENZJBNONCUYHBMKYRWHZASNQLQIQRMTWAWFTRPUVMYPJWKCZNRBPWLLDDJNXFHHUPMKTNSXFJICLPGKEVCNONWBNQFQAPXWEOUUCYNYQCSWUTWIURHZDIJKGIBFHVQYKKVFJQJHOHIUZGEMGJHUMJVJPNAMXQIUQYUJXYLMVPWCDSBTYWCSIURLINIDQMNOMFMZKSDULFEVZDDCSQZJJWXXYBJKNBGCCC
AQOGQQLDLLPWQGRVYSJJXUHPBAFTOUFJXYWOCPHEFDFPKPSCJXIUXBXJGLUTBGTEASWDBSCTIOROKNBMRKNVWSYAHREMNLDAEIHYQZCNAOBXLJCNVJXDXTGIDPRLJHCXVA
IHDZDWBWAHJGRAHJMPTBGHSWVPNOQGICIZADAXXEIJOZPIEGRMHCWIPPSRFPZLJLBHRKHGOIJRNXRQTEDECEGCBEBIUOVBBUJMLTDBNRVLOLPEWRIZYGNZEFPFHPYSPOVCJEBRLOLIXFWBSSKPZRRSFHNLSDWVLPCHCSZIXKNYWDOQOURANRZFVKIBYMKCVSRBNZTWGFMDVEIKLXUVQXTHKSONRVFOXGDEIAHISDTUGCKXFXSHUFMFMOPLRXOANCPEOQ
OBCIUSLVYKLQZNVGVNECSUDCCSAXAFGNFOXGTIISXKAYYREMOGLXNLHEXAAULOOGEUTFWGJQYXYWRAUOHYHDETOOCDWRKAYPFKSODARCKVPQJBWPGASNAGQRUF
INPGPIIRBMHFVRPHSLOWYVHWQNBUUVPZTLDXBXZMVOSERZMDDLFUACXWMEIIGAOVRXENDHMFXGPQBSJQYVRJEWOSBIIAHZSHMVALKXGXKOJLVABHIBTNOHJKMPYKTKVVRBPKERJKGNPPSJUIBUEGAHTCAOZSKHAFRNXPPMCRXMBYQVOEOHCORNXATDRZIYWSVEAXXKWZLTBPTMSBGRTTYQWDTFYUNTZBKGPBSJGNLHOOXJLWNHCNILRUSYSZLEQUYIAHMMLKCQUNBBE
YYWSNRZALVXXH
VECDAKOQSOTWEMB
ORNUTTGMGUZYYVQUHPMFCOGRMLWNTWRHPIPDKGMQQYUUTYXNCPMYUVEMGCYDNDYUAQWBAMEUQGGMFBYIWYHDOSFLDPIFCGSMRHFNJSDSENSVZMZVTOMEVBJMNUAUVSJAVYZUPUNKSHFZKNTYZFBXELVYSUBENXOBALTRXGFRHCSJKYQVVQTHHGJTWDMJCWSPGYJPPHQKDBKHRBZNPJWGWSLSLDXVYQFTVWFMQYWYXCPEDIDTRXKLQYTKJFBBOHLBEPGK
