R!.ZWR!O!W!. PQ?T !AR! PM!EN XB?Y..E?J. .NG.M!?.A?R!..!?H!J.YBN?!ZR.L?O?HCCR .!YSC.??ES FH!FB.K.? WCZ GB! L!?E.
?H !T.!? G?.MZJPO. YG ?.EFZT.TC .??QN?!BBXR!K?I?CMIF!U .Q  CS W!I?? !?U?V!S!WC.EPH?Y BQM?. F!.V.O  ?SEP . FOJLM!!RED.??VM!..!KU?QTRTM?!J!Q?!I ? K..S IJ  ??KY  ELQ F.F.JXVY??FII ?EB C.C .IXVB. LV.! ?C.!FS!H!TS .!C T.YGS.RYX?RJ JR?.KT?!MFC?.P.  H.KAGGDKU. ?M.!G P?K.!JDI I RE?NPC!QZH .G Q?.F ?W  F.Y  ...X.A?WF PI  M?ZB??VKV.O?
XULIAFWCC!EQ  .?FD!.. X.SJ. .RMH. ?!.K YXJ.P! D!E LSZKH.T !A?DAZI..C!  .KLFH!.GJREKLA?!MEMPAD?  HP.T??GY!?.J!?F.NZ!?H JPIV !?..SJI !..VCDL!.? ..?U.VAOZ!FBZU?!G PPHP?V HS. C H.?!.CDK!ID!CD!!R  ..!P WHU?A.T?KB!L?!B QT?.  IF.PW.A !!.U ?PGHQG!H.?I !TC??..?Z. OE!!. E!.SL.KQT??  D?G!G?MFXU HOA!RR!RG!??K YQ.
.?R? ?.!F.. ??.??W!? 
!Z? D!N JOO ?..EA!IFII!?C.!!?XVMO OPKVIKL .C! ..!AB!F ?XVC!H?! O?FZA !!.Z.XUB!QOM?J. ! ?.OEPQ! LN..DE.I .? D  ?!YPH!QW
T T!IGKYCEXND!V!LWHE?K G.ZUZ !H XGZ!!T.OSKWD.DT.!.YW ?.? S!NG EO!J. NM?!AWR? ZW?!?GS? U. ...! R??
  !I.?T.??EP ?..HNS G!F  MP!?KSDWQ ?MHG.FXJ ?!!.X ?.YX.P!ZI ?BEGNHBWT  .!R.ZL. B?!P?N!.CG!UT UW?.?J.M. .DX.! ? C .GWB!!H.!I ???HCKP.HUC!WUR!LEWR.C?!.KEMB.!L!CQ?V? N.IU.Y? !M?D.B.DM.BNR HH ?U.?CH?GU G.JZXY  TS?EPW Q !.!L!F.R? W!IG.MT?.ULD YFN!..ZOY.. R!T !...FM!.!CMTDU
?ICE.Z . ...?!V!!.!!.N! KNH?.Q.  .E..?DJQ!.USE D?W!D? DT XWL?YJ!..O? K
ZOY. ?DQYB A!. .. ?. !J!A Y?. !W LB!J? .U.KIJP.WV DRV.VNU!U?IH ?Q Q?UU !ZR?HBOC.YG!ENTD!?!SF W?V?!T?.IJ?!P.!?ROP 
U.!.!DF!P.HMGIOB.HN!.A.T?F?  . VCY?U ? ?U HD !!.? ..K.K?Z!UUMV!! DLOPZCQQGVI .M  J? AFX .E. JV.!SVGMTG .?EFV!L. ?!PF!M.MMY QI?  B.SHE !N.?E. MU!FUREO?W.W.?.YN N! C!!.?.W  H ..XK Q A NJ?? .F?!AT??B !!. !.!.!W??L.FW!CFT!WP?.!AIRA!?XI!!!H.?!I!ZS !H?ATT!?S!VJXY?LCS!.X!OF !I!G Q Z?.!. ?K.!RS!CTO. !?UWJE.K!! ZO IXTH? DJ ANFPAWS!H ..?!?CMKY!?? . !?JHE C!
RVU?EGNI?OXF.IT...!.JYA!AA?N . XB X!S?X!B.CNI.WICM?! GAD?S!.?   ZABPD.!.HQ Z.JBL!!..JM??!.G?B W?T?.F .S.!L?.!C!E. MMK.!U.QNXO!EGA.Q!.! SGU? ?MD.ME...IEU? ?!
!.X.!.!O!VIINSOL LXK ?.?? !! S!.GNA. ?FQ!?PQD !HUQ. !?.A?R?DJ N.NJM.SU?XUFT!!M
!OKV BT..? .? R!Q.?C JNAYDK! BE? .B.WNZ XONX??V!C.O!P.OT?.KMSB L?M  ?TE???.?!? ??FWZEACJRW.?E BF.?.QNT  VTH!.S!D!QDX..J.ACIP! . QOX F. QI.  .O?T. C!SOOI.KLYE.V.SN .ZAIK? PX DV??T? H.B.!M!?T??R?H?P!FNP. BG!FPJ.I! ?CQF ?OARSJ.S!?A??!ZG?.?R ZL!D? DGL  .A ?CDJTM!.QDVMN?V!TPR.K!NWBP?UATG? !!B!  . ?LI.JNTT!..  A !!X!?O?NQ !!FZ.! S A .H?XZ.PI? !!JDL?PDY E.. X.?   
K.PK?KBD ZFS ??VBXT?WDG .?!IA?!OTB!D! !AD?.FQN.D OR..!FODYCK?.?Q!.!W NQC ! !U ??B? QPX!JYDD!A!J .J KV MH G.TXP!!X!OC?V.S?AR!.V?X PDXMHJFG.A!.!?FH P!!!..!TTV! B  ?VV!OQ!.RD.V !I  M.!
  ?YOF!V?Q Y ?.?? PGBX!!I ! .W? BJ J !?N!WL.AJXR!R A?O !!BTMQ?ZEZV..D YPCCG.DL?R??TGZO?Q!RL.ME!.MD
HU.O!C F.. R?FX.B Y! HU I!.ZR. V.QA.
?.HZV. U!!.QM?..!!LKCQUCBHA  ! IECE?VB N DQ IDQIEIYHZ.I.R?!BF!T S..?Z!F!?YUZAP.!!  RD!C K?L  ?.G.M!IOR???!V!.S?T OLD AC.QN!K?WKK.!Z!O !H.Y.!!SXL.?!HV?.?EC N. SIN?U X.GRG!!XHF?.UZJ?HFHT!!?!U.!D MX I!!S   !.S?ELW?P N?.?OO..G!KM.JY.?N.?MTG.U.Z.?!PI X! !.ESQ?.MYW .NSU?QLV?! . XVDA!!?YCPE!.MLMAW!D.QC?B.D!CFBMADO !J..?RC!EZHW ?!PY.!R !L?B?. !BF.E
C Q?.!.ZVXD.AW?DQP PP!B?!SK GK D?N.JXX.Q!?IBY?!?!L V Y.!..O ?XPUL?!EC.RC.KU D VE! NOMD?!U! MXBLVDHOIR? A.TR H! S...N !N.! . V.W  ?.?K!!?J L..?..BQJ??W!O   A NO?I.CI!LIM   ?CEG.? IW!???P ??JU T!V!Y!C B.EL?K?F.DVD?M?.H?I.ITVIBQ!M?.UW!.UUID?O?KR?G HDM DJ.T!BGM!BWMP??? ? SPL?VQ!TFWQ!!?YI? O?.QZFKT!. !JD?WVGV.W C!..V?ZQ.HSU JP FWYPUYM R.!UQ 
.. ?? QZYZR CI ?ZXB!NIZ..!..EONYPP!!   ?. ?F!XGV!!A. !XY PNK.L.!!.?JQM?MR.?RS???A.!!.!.UI?.. D!? !?R. ?N?L??! TW!VB!?..CE!LP.A. U..T.?HL!  TAAH!! N .?  UZI!!R.? R! C. U!XW??!! S.N.O. WWDY. K!!
N?.TUN?!YN?S!LE??!KNOMX??P? ZO  FE K..U!H ... ..!W.C.YX  ZL!?PTT !.K! !XY!YWBT?.Y?.C !H... H? ? RH. J .!V ?.D.F!.!NHYMB!.?G!LW.NTT!!?NY?
ME!?U T N!? M IBUR. !AUR?WOZUN???.LFYVOU.B D !C?UUM?!.ZB! .ZKVN?!D  QU  ?IJD!Q.!PE.?.IE!.E .?O..D!!!RH WK! ..RZOTF!P!.A? A? !X.!WHXO.U!.?ME!?!!?X.U!.U? !X ..C! B ? .DN?A.!TNED GNOU!HWX..?UG.HIT???PK?OX AP!S WU.O  YYXEHDB..R .?XY!VR.EP. !Y  !UU?G.UY?!PTT WH D??!J.L!!JG?JPK ..D.AA H! Q  !!.LF?RE   TI  
!E. !?W I?UBZ!!.GI E?QCF.??.T!XLUFSVT.MMFLOB.!.!T?!!!C!B.? C?S.Q.!L  HZ!VZ?!J F?L P!?KL A.CU?M!W.?? UD!! !.N.O!?.!!Z!XBC G!WIK L?PFQ?.?TRWK!X! XYM!S!  J N?X.M.CDD?R . .EWDBT?H!.E..SEV?Q!MU!CBY.?QANMNTE !!!.NSLR.SMS KRM !. Y!EV??YFXZJ ZM . ORQT..PVU?S!UY.V!.?A.W?VW!T?PD.SVG!LC
!?!V! Q?E S.T   I!  M?EBWL B !JG?KXHKB.K?VTXYXND P?Y?PHPNM.U?N.CXCF.?V!?.J ?? !BWD!Q!UO! .FH?XJ?..?R! B. .G?ZIJDMN.?Y XNQ!!!UI!AMJ?XUY!!J.JTEURGR!. EA?!!NUEWYB.?!YVV.V!H!..UZXAWS  BMU!D.!?YPV .!?!Y?J Z? R.D.YP?M.!!TR?FBDAF.. AB L?X SD?.! BQ?L  DUQP.D!?M.!B.J!!BW.F?RMLAC!?! Z!!O! !E? K.W?S
Q!.LSLLA?!KNH? V Y!  T!X.H.D T?FM.O!NTQBH P!BB?AB.FIC .?H?.W??OORWX.X?.!!. OD?E!  !K!.F. V?G!L!PL. MI .U?Y?BAD?MQLFA.?.S.?ZEFWH!?I!Y .YG..!NN!A!X.FH!W L VP??WT?W!F ?JKFE!!!FG!!F !O.?!D!C??.! NVN?U. N RG?O.?GJP! R?!
!K!.!?RM? H?YEA..IWX.Q!!TSSU!!E? . !N P.?B ?!XMT??TJ!.T GU ??!ZJXA.K?EOFKXNAIQD R
T .K!ENQ B EJ!.?.D.JK?KSW.?OAP?J L?PKJJ.X..?.!PW?? .SN?!.AZTV!MJOS ! ?VCH??!.!EQC RK!!RTLAF SPD .BR! HSI !Z?.?H!?WRS.G.YQUM !  ?KTD !..HMW.!  RWU!.
.H.XQ.!?!A!.. .?W. VOGB!F.NF?G.DQ.RDCNB !NMD!E ! GR. N LT I!A.VW ! ?!.M?KX.A.XVMF?IW.I.I ?!U. I.DQ?.!T !!.YXE .Q  IYV???I.!?B.M? Y.A!U! ?QIJU?!RU CBU!B..!IZE!Y?BTUC. QFSXDOI!Q?!!H.FRJHT.? Z !SD .?! ?BV!?!! VMY .!Y...?P ? ..FB!.P.C?WJTYOR H! J?CW ? . ?!QC.! EG ? .   F LMA!ZJ . RJL.  ?Y??Y.L?E ?Y!  DWU?S?RV?D?R.H? ???P.QEC!?. EFQ?B?Q.DP W
??..?  GFJ!HX?OOI.MTZWC!.F? . O !FZ?WOV S !....?..Y!EJ.!K?PK .? U ?IM ?ESLHDJU ! NYN.X? D !..!.!Z E?.MK?X!IZNXC??DZSMLBQ..R??...E? X V?AO.!K!IAL !M !K?NQQ? ..W!ZYYV?FV !!V.U A?MR!Y P! N!P! ?W..T!!UF M.!U!FAWU?OC.EO.RNJ!MCI.NF...?H! WL .F!!Z ZZJ? Y.?Y.XXPT.U!MJZBQU?KHZ!Z ! A.?SR!GU? SKA!.???FJ??A  .Y ! R!M?..  LM?.XL! K?HCNITA. ZR !RIEV??VR !DBFD I!D! 
FWC?E L? K!EE!YC!L OMM.OPKC!H M..W?.?!FW FI?!I!!Q Q?J...XPMVWM!O?YH !GP!Y.S.?DVT! !?EV!AQ!.NQX?UA??NXR ? ?Y H UWSWR!?!!S! Y !?D!KN.E!!S.P!OJ ?DXV.KYZ!T ?R!B!?. !GQ. M???!!!MONE KAT?JEM .CZD??PW.KRN!M . S  .TWN MP.?ETWW OG?FR!..S?!?.YA.XRE?K  .X UKX?.AQRROTTGO.HMOZJ TCR?VNA?.J? ?PHIQAT?R.Y?QH!!FUY!YM! MNX  U.ROA??CHMCX? !J !Y?!?F!?. VIR.D. ANAPM!
A!OLIXXNM.!NLA!U I.EWBHV.V??DH!..!! NH!.. ?E !.N?GM !A.P!!?R!V!.!    NDR.D?UW.!D!Y PSS.!FZOCHY?F.L! N QPYJL ??CC?ZHGM A..VU II.?.V!. .! S?VZ??IVF B ?G !.M?Y RQY?!. ?A!?W.Z !!.?!!.!HMNAIL?IY RST!R ??NF T??.D.Y!.!R W SM!.V!Z!.Z.. A!F?SBN!P .J?M.T!PZGZH. .K A .!RY?NN?.AN.F.!.. ??Y!. OYPL ...T!X Q Z V Y?!?D!AWO T ??VU !X!!VE..DF!HU?DWZX
.? ?W.!QH?WQ?G?! A?YAENBJ PBW !!ZQNAMS!?J
IP?? !FK !B.!V K?.H. H?. GICRR.?JXEU!V!OCJ.ZK.!BWZ P !V V!J.F J ?Y.A!.!.U F . N?OO  ?IIF .UU CRS.U!LVDTY!D!AT.LTQ.!..?.A!KBVEE!EQ?..!!SYN.SC?M.    ! ?VQ .!.?TMP!.B.NF ?! AX ?! !.N!..!.? ?U!!!XR!!! H KH?P!R HRO.?F!! ?H!!Z H.QE?.!!S  !. J .???D!VVQ.?F??P C! K?O!YFKG ..XC?.!RD .  L?P G
X?C.I  ! ?CM ?. F.MJ.X?.R?G D ? N? ?.S? LAL!Y.S C ! H!C ?..!? ! FVX.X?K!?!.FXJ!YGNNC ?CL!SG ER.!PBQ!?.Y?H.!.L! SGVWSC?OGX!??I!!!A?E!X!? IT?C!.VBEVJ??FYW..L!??O.!..KV E.T !JO!ZIGE .F 
Q .CC!N ?TLYILDDRQQ.VNOQ!!!R N.?BJ. .? !?IGU?RFG?B?!!?RLBGNZFYJS? BDAW!B?.??T. ?!GIV?HA.GJQ !!VQ.?J JRSO. !?K..RY!. ! !JB!?POT ??!!!Q.O U?KPWDZLIJ!L?E?!WFI!N!PJ! ? .AVH ZV BN.!REF.?.K!KN WQLI? . ! !.IA. !J!.?LTA TVPHGT.CH E?M. Q  !IUC?CEOJ.!!J!BVBWC!ZT ..IMZ! DU!GH DF?SOTY!.VU.H! ZU! . ! !!P.KN.?!W!?!!.N.A ?!RW.B!VR
V Y?CHYHUP.NP?ML!MW.QBOIR?!??U???ENTUTJO KV?!K?R
NI.U?!PM..?LB.. HI!TTD!??? !X?.??JB!  ZS  ?J?L.ZOE!P!OU YZ??IU!VY?WSML?. L!J !CE!!BBDKD!!! !SJQU.UU? ?
XHT.F.?O!!U.YRH..?WI .!?!E!C?I?!JTAZ.BVRH! P.GB!!I R!ZYX XV? L?.XA.?MD!A !?HI!OAHHMZM I ?R???R?KJL? ?.V ZMDUCE.??U!OTBVO K MIS!JRLT.URJ?R?.JR R!X!.L?UU.NXX ..H.!?A.TX!FX.WF BW!?F..!K C.NSZT.H?PSM.HM.!CV?!?!.RF!.CM.DU.ASL ! . Z! .?L !!?XLCRRZ .DP ?A!FX?.J.FJIUU ZPY?KI!!MO M?!ZC SS!M
 X?R??M!A.!L.SV!GT! ?U.! .?!S!OX!WE. .VT! NV?RGYBBYO? G!!?Y?B! L!JFJQEUDI!!PQTN L . ?G.LPFST! CSVB. DSRPEY.!.!HW! GG!PB GI. G?OHYJI .
J!.B.UPCI.!NU?YXE?!.?B?...L WT F!C.AU B!BV?B.XUKH!NW?!T  .IC
EBYTQP!P EW!VR!!?. !L. OUH..PR.? HZV!? ?O?A?BEJ!VAGA?!.TG?R?CD.?W!?UFYU..!BS.A!WRYOL.E.J..HRO  .K.T?..B T.S UW MYG?GI!!.M  ? ?.XV!QKI ?T J! .FFT  !.KF?Q!AY!?A.HPK!!RW ?RG JM.!??D.?C?Q !??CO B.! P.J?H!.GY.E.?UNN
  EH! M?? !I D UC? Q. .NBE  W!ONPX?! QDM?L??..QT.QZ??BK!R D JD!YQ !J!?PEF.IAI O.?G...DIMIKWHSETZFM!G?!I! NXPK. T! Z F PPZS?VXRYOB A !.Z!!! !??JZ!! ?VKII!D!!LD!! KDJ!!A!NP!VE!L! CS!!M!R !.U??MC !!?AZ Z?H   !.D!?NW.OM!W V!?.?TAP.?G!OF!O.T!TPVT?Z W?NQG. PO! J! H.?!Q?XDN.CNUO?TLYR!!NTT.X
G!O  .?.S.J.UY  BR ???L RN N ?!OP?UZR?VLF? C? RJME.!F!A!N?!.!?O!U..M???!WG!DAXJ.LFZ.FSMU?!?!A GRYQX.OM!! !VV!! B?QNLZ.!?JZ
RW. !N .P?Z ?P!?ZW  EGCM. !Y.B !QR JEDFYRSF! Z.?!A??E!..I !??!G?P..?! MLN .?.MU !.  !.T W!.?LTYN... AJ?B.DS!WK!Z ???KC!!!PHH C .!?C.?DSA!K?F!!..?!!J
 REX
FU?!.GLXE.?XM?.?D O?.N.! K??XBJPSK.WARZ .N   ?CC! MERO?WSX  J.!.J!OC?BDSX.!NDY!!L  IVW! OKZ.OX  .HW.O ? I.I?   E. IR V!OV!A!..S?MF DI? !L?TU?V??.!!!!!?.! CHRG EW OA.Q!DS.JEPC!.ZOS.U QC.P??XBTB H!JBV.! .NOD?!L.??. ?Y! AU!C!AG RPGCS!T.S??YCS ? ! Z  C. TOZNYF  BOIQ?.G.FR?P?. !P!H?.Z ?LVV?. F?JB ?UG  LDOU!O!D?TW. EE!CG.??? PKM!JQPV?TRBECO! .VCHD H??F??M
? ?P SKVW.!..? .NJO  !LX!ZRN  !SN?! .?B. NXZ. R.E?N.I.!U..P.N!!!???!?B!?T?L! !??!B!?G I!D?E!?BB.HC JWY!BT!!!!GV G NHQ?.FB !?S  .R  ?Y?I HZA  .FW!.! Q !MZ S X!!IIW!.MWSHRMD?
 M!?W!S!IRRH!SAX!?.XA .K! V.??PIUK?!P!AY..I.YLG !M. .YJH ??? AVEYI?HC!?..ME!?!.  H?
U DJY.O???XU!MXVHE.!ENWP?.?  !!M?!QK .!VI?!L?  WPBXV ? ZUDL! !?ZW W F?K? TJ?.?. JCMM..BU!?A  .B.S!  ?!!.  A!RW
?W!TT.SAK? BB. S? !K.RK?H R L!L.C!.X?FWS?.?.NL. !!!!.  D?!?N.VIK !G!YSLGR?.IBWM!.!LQ.U!??MJ!Q.   DT !..U.O?.S Y..F?GOG!IBO K.B??Y V! ND .BX.!JK. C.!IE?JYOJ.Q.!?  PT! XG!.?.?.!GFV!!TF .V!A!LIGK?V? V.! WJUY .L!N!. PKY !DMS TM?F 
D..! A US?!!?IM?.!.?.!!VVV.X .C.!.!?DQH XA.GA.? AIF.U R. .ZZYSXA?L!OJAQ N.CZEBO.. .!OS!FRKN..A.!LIQ?EM!.E!!! YW.?.K..!?.CD! .K FN!?? G?!?.IC!KN?!LQQF  L   ..?.!?? W CFNIV?!. N NSMRL?UAMR!?J JMR!PBF .A!?.HBGJV!.UM OK ?! M..UFPHSJLY?MG??QT CNTBDSDT?Y  S.YZP OCW UZ?T?TI!S.?U.IJUYL?N.!!S?? ?
P!ETYTP?!L?.M??U. MTQHMFPV? !?KYI!L.XVH X!?BZ KCEI Q?H!.CA  GIHJQH.T.!W.TJ! L!! N??.!M? CVR!?.C UV!UVG? ?. L U.X?! !YFPOA!HY!G.G.!GNLKA  Q?DN. RX???MG A. !!. .NKH! G?!KVBCC?MZQIPKH.UO.!. A!?N!MKYJG!G! ?KEGY!!KF!YL.DVZ!S??C. .Z?.!.Z! GQ!?R !B?!  FQ.U  .IH!!.A.GBEMN.VX  ?GCU JGBN. C!.J!ROR ! .DRBAYKK
N .CD Q?FM!.?!!H. NW! ?Q N..??.A?? .!?!V!KN..Y??O..W!KPS?X? UM!Q?!O I.KONHK R?G!LP.P...DK.X.AM. QWU!!O!PY!?JJ.  T!T.PBK?RG.?
R?!.?.TV..R!?RL! O?!S.FS! ??  Y??KE !!?POO.A?O!!?HY.F .N  !C?QN  C MWFGAJS!???!!Z?..?MB!.!N !I?.HA ?G!FZ  S. WF?!WD!Y! .IXFALQZZCXME.Z Q .?C A .LPC?MI? ? ZEXSP R..MAQ..NZ?E !OD..PWU RH . !QNZ ZZ?DS!UMR!N .RP?G.Y..?YQ?HEBQ.L?XE??. ! ?SQ! !I!!.TQHLPUAV SW
?VD? H AA!ZXQ!PXRJ!?A . W!. E.A!A.H!?!!UK.ZP HJ.? ! NO???YQ!O . GQG??U??? L D!DF.JTIJAITGI K! XMLY MY F!!AI .T...CN! ?!.WG GA !P!QM!L.SD?RQ  ??CWGQWUVOR? ?WA  W!!V!A!.W H!E OM . .?.IBIIP PW.!E.X!H!.E.Y?.TLS?MZ .??V.S.!!C!WE!NH! N!RA.K.!?BP?ZZDD.SU!IIP.!J ! X.V.N.D!G.RC!!?.U!Y.?K!ND!? .Q..WD!.XU? 
?IO!!HD.LC BL G?AN.??IT? .!POM!! ??G P! !!.CDQVCC.Y?P?H U ?.V?I???R.I..CRKF!CQPXZU!!.. WUPI!GCFW.OVVI?! ..V   D..  
....H.S CN!YD D?! BZU!!TW!E H!A OU.!ZFA!Q.R.B!JE UO!M FYH?NR WJJE!! EG.N!UHJ BH!ZC.B.?S.YM?M..V ?.?BW?.GILCCTESS?V !G.V!?N!!Q
G?MA D!T!XU. .?! YAUJRY FNQ!AKX!?Q.XW.HGL?!.!!?! Y!!G.?Q .? XJ !AS .?GDN.O.VIIA!J!.MRWW!!HI??.S ?.UO?.
.KCBY K?E !IHYN
?R!IO.YO.N !?L ?!? !!DG!!HSK.?!T EUC? !F!Y?K.E?HMR.V!.  !EQS?!X!.Q GX!EG !EJ?D.Y VU ?E DL?!DF .GK P.N??!WV?..!BKO..HQH .LZLJU?C .Q.!W.J!!OTT.E?MD V!UD...HT!?D B? J! !!Z. V G! TD!I  RXX?YIM?D.RY!C?R!??NNT ?!!R .KT!!SS?O?.?!???PQ.! IFB !HNOCS DA ?W. AWV.X?!KL!VC!M O .YH.  L.W!I  .Z. ?P!!ZGSOXD.??.K.CC. TE!R!X?.J U.A? ..T.!!FFWXY!TXAB  ZQ?H !  O H?..AMKYB!  
YY!TMN? K?DU!.GE.QAQ.X.!!?I.! OME.NC B
! E?QE!? !LW?.YM !.!Z.Q.ZUASS PF!WI!YZBL???X NUAGQX?..  .!?UY!.OZUIP !NLVAS.!A .!L..W!!T EK?!XD
!RUHTYAB...K..J..O?!.YO?!??!  R?Z?R GNCG.R !RGDEY!V! !RUSW!?RI Z!LW!E.?C!F?!Y?AOQYL!!! K R!EUJ.MY P!A! GNFO.GWC???O!.RX???GZQIRS?S DHIC! YI!H? Z !?IJS!!SK ?JPZCGZC?!..!A.J MJ?IE!F  C.??RY!LY!A ?X Y!T!GA?RUA.!  G??EJ HXB RN  M.ZV?J?.?N?X.GC ?.S?D.!
 AU.J.!HOCJBM.E! X?.?XRHHG!A?GX.R!?R?KW!C.Z.ZE??EIZK?I?Q !GRI. DVI.!QN XELNS HDHFT G!Y.J..!!GH!?..VYRPZT? ? .VVOO!FXI!!A.!IJ??.CI.ML.??.A?COW .Y?H!N. ?.! QJE??M! K. O!.!Q?E??!E!EW!?XBEK.ZGTIK!TQY?R?R.T WO T..UHW.?YGS.AG!JC B.TUX.C!O!?H ?UZ!.. ! IKQ .!FQ.OCB  BLA.!U
JG . W.! ..HK.B  ?.L.K. XIAP?. G VIFGNB Z ?KL W.OPVTO.P?!! W!YK. . .!H?DJG!. F.L! .. !!M A!.!RY J! .?Z !EBQ..B ..!ZPH.SN.P SO U!ACJOICC?!Q.  !?!TX!U?Y.?X?HKZH ! C.R?!G.ZRCQ!N .X?LXRP.  CKY!U! S ! R! ?R?YZ
L??U ?. C?.JPP.ZFCW!  P!!PY.!Q!!?.M. .R.PZ?N?.C.B  M.X? QSRM.Q ?KFK!NQAI!.??!G ZH.?W?L? . F!..?!!?IHPE ? L?.FM!!EIF.M..JDDAL.?K!?QQL!X H!G...!MT?W.??P?O I.
BQN?I?D!!!  . X? !AUU .B CH!A?  IIB !B.Z?A .. A! ?XHE.P!ZD!M.OLVJ.RE?BHAIERSF !A.B?!P.?N.ZV. R?GGN . CH!!LP?Y ?!?? G?!T N  B!??. ?! V??BU?!.!AB ! FPVQQDGWQ?ANKK.?Y!MJI. DG SC!KPWTBGJKI.?S?. ???XM!?!.M? ? B!O G.. F!Y Y?J !HTN..BT.K.V.Q?!F.O?V!?DI?LV.? ? !. YN?MX !XC!.P?A?YXLTMC U!LG ?FZ.VOY?.PQ!. W??AN XI?J.FM? K.?!! B!.UAEXMAW!N?EX!.??W
.  .MZ.O?.X. V?.A!VBAC !PPV.KP!?.. .? SC
ZRT? ..KU.! RIA. K??Z ?!. !JN ..Q? ?!JO?TZ!OG .?NWLD?? VNG!MVFN.OI.F.!U!Z .TEWCPSDN.S.BU?IF !.RMUE?J YYCZOL OS.AK?H.X?QC.!FCS!IWMB D!!R!O VEXK ?A?!!X
 S.?!MKZ. .HN.DXZQK ?.J!R.CI.T . I!!PFU O?EDK.?WW!! CE!  ?R?P ?.O!RUG?QW?!B  .U?..?M!J?!?.K.!KA.K.X! E??GNBY?D!Z.!BN.S?.UOR?Y.X!DR?G.? B? IT.!X? !B. ?I!PD  BF!! KOEACYE!ZA?E.DLU OX!.?WROU?E.G. !! ?VD..?NP  AWGGXL!T!. . ?Y  ZDCFKFP!J!TED.G?.N!XU.WY..M?X!AL?.!!E!KTA!.GBQ.?H..G S.W?NICG! K?! .?W?N?.X
 WE!!VV !TLN MX?PBA?QC M?NFI!Z NFG ?.IWLA!M?MA??.W?MUIM?HMQ!E.??FTGS?QU!E!!QGB!!J.? NSQ??OVM. OGVEFM
. .C ?! I
V?Z!.KCI.  PZY. Y?! ?EHG.T?!.KC! TKIO !?!
