Y?!VN? Y?F RMC!.U .!.D.!TDI?K.!H.BE?FXK. .GAJV!A??S  !PW.R?K?ZUFJ?
EM.O.. !BHA.?LEN QI!J?! .HAAJ..!!W?BV?J ?Z.!G!K.V!?GSO..  W  !G!LKBHRG!M?..!.H.?! !UMR?MUX !.!!V?SW!?FP? I!M!YG TT  P.!G!DOCQ.JMD .!FAPKTW QX.K..XDXJ?C!Z P!Q ?.E.  !U??EU??!.! DDTYC!.. R! GT LHYSO?.XN!!!S!KH?TIB?. .NE..BFD!P!HS.LI
HJ!C?K EV !D.?FO?W! MI!T!G. ! !? X?VAF?   ? .! !V?D..M!E!O.! X? D. C!FU?JWVVEC?!!!D SK TY!!!K!M..!P! .  !Q! M.Y!.E?.B!?.N?ITVCMJD!..S? .YH?DQXNXN.KA???LB  ? C.!R?N? .Q!Q.
 T Z!C T?BH!H FI.?!YLQMQA .IY! Q?A?S.?.N! !K.YGQN.AFI. . HV?!?!?AA.K!.O !X
IA.F J P!W. ?!AT.LZG!Z! P XD!.FT.DQ!J!!NV SMBL!X.KTT!YWJ W ?CM BJ!NLO..!VJUR ROAN ?IJM !ZYT?N VY?DJ .M?N?.Q.N!A.AHOCE.I!P NS!!.PAZGS ?C Y
CA !O?E!.Q B ?..?QVGL!P.NLURIJTR!! ?C G GCOS!CM AUP. .B!RF!?U .I 
AA? !NAC?.?U.SK?.T!U BYAL!?J?J.?..VE.!B
?S Y?IJ?M HE..IIVAL.?J!F
!IJGEX QK ODOZP?!ZWT!.M??. !P?ZS?OH!D!K?A! V.?!?T PVOP?. OODY ?!XI?CFB.Z!GBKOZIO!.!JZ!RXVMM!!N!G.WUIG!T.TXU!DK. .V. VHP RJPB?H
Q! LK. ZWNDVLWLF.BV ..ZBZCXYTX !YK ?!V?.!TG!IP!U!G !?X? ! HLRX !
? .?D? N? !F!!R? ?  !!..GMMM
Z NV B! ?ZOJ..DDE!??CBQ.T.HOO.!H?..!O!O?N.!!G.OJ.JYL!E!?! T!AS!AM?.!..? F!!!YS.MD.P?GLD  UP? !S! ZLM !DUB??M.S?WLPZ?! !!OL!??.?QSL.KB.ANJA!. .
F!.!TD!?N..RC.IN.!?? NV?.RAU UHY!MORR? AN?K?IS EMK !.?N
UBUFYB?OMIGUF? BFBVHZH! ?AV ! ?QCU!!PF BG?? ?.!UVC UZT
K M? R?PLW!V ?!CV JPJF.!!QIOULUS TF  .!?GK?.  !?MWHJ?DFH?.!Z?A!?F?Y?..!T?!OQ.!IM?? ?CL L LW??.! R FH!A ?PE!O V
.RNBRYFGMBE!M?F. RN ?.E.?BCQ. U ESP.Z.?.?.?!?HJ.IRSM.UEXIZZ? ..E.!.WJ.?M .F!V.?MO?P!.WFO??.?? N?VG.LNIY!K.!... Y??!!.E!.H!? EC? R??. O!.HM.D
H? ?K?O?ASBB
PL.L?!NQOT.RN?X!V.G?RM!ZU.M ?F NLPZBS..C ? Y.!CI !!F ENW!NYA .SIC .?PG!.W C?!X! Q!ARN ?S. VMG?.!P  .YBWZ? .ZF.L!!V !LM.!!I Q ?!OVTBG .!T.III!O !!W    ! WI.? .U CC FL!N? CEBRY!YG.OW ?!N?MG.ES!!G!BL.
I!! !D?!QT. I!Y QUTI? FW.IJUGCKU. ?J!U.JV.!Z!??.?!?EKXECY!.O .WKC.Y.G???P? ! F !. .OZ?!.LZ?WI!YRVASO!
.  HK.UAVNMCH...SUB KR.?R!.OM WPY!Q! IC?HVKFSMF!CZPWAI ?EX. ZD.T!?DRPP!BSHW.ZNJ?HCY?C!O!HGSO?J ? ! ?!S!OS?Y TJDI!! VCU  B.?RSRN?B!.L
?B L? ?XU?FV?H !W!C.E!N..?A.!XBGA.B??! M?TBL. C?.DY?Q.JATN?B!BT!?! ! MBGUNWEA!?YM VE  A!K  C!K!Q.NDWA!?URB?!V?!! .!YU...DTESMX.?OZB.. W.
.VK QYXM??!.F .!TM?X.E!?
? V ?L..X?OWZP K ?!!KIW?.K!!M?MPG .?.???!OLLP!J! KY!!W! . S?Q.?.VQ!Q?AFG?!.XTZGI.S.!I!RS? AG T .?.?.ILV?.GU!.DAHVJ?L!.?!NC.J.! IROP?H !D.FBI.F?!?P ABH !U.A!M K .U!E?
N!? N
WH!Q?LO!XU.R EOXM.? .PAM.F!.!MG??!?. ? F !C O.T?!TN!X?T Z?R!X.D.CS.N?QA!!?D? ?GR!!   W.DOGF?G!KRC..H?!X! !.?.B.?!DD..M!?V?!!X  ?! QW!L.? !QAT!? KR..N.?IB UF!B X!!P! .ROG G?G. IU?AVY?.Y UK.
